[2025-12-24 12:07:49] production.ERROR: SQLSTATE[HY000] [2002] 套接字操作尝试一个无法连接的主机。 (SQL: select * from `announcements` where `status` = 1 order by `sort` asc, `created_at` desc) {"exception":"[object] (Illuminate\\Database\\QueryException(code: 2002): SQLSTATE[HY000] [2002] 套接字操作尝试一个无法连接的主机。 (SQL: select * from `announcements` where `status` = 1 order by `sort` asc, `created_at` desc) at D:\\my-code\\kehu-web\\shop_mall\\backend\\vendor\\illuminate\\database\\Connection.php:712)
[stacktrace]
#0 D:\\my-code\\kehu-web\\shop_mall\\backend\\vendor\\illuminate\\database\\Connection.php(672): Illuminate\\Database\\Connection->runQueryCallback()
#1 D:\\my-code\\kehu-web\\shop_mall\\backend\\vendor\\illuminate\\database\\Connection.php(359): Illuminate\\Database\\Connection->run()
#2 D:\\my-code\\kehu-web\\shop_mall\\backend\\vendor\\illuminate\\database\\Query\\Builder.php(2413): Illuminate\\Database\\Connection->select()
#3 D:\\my-code\\kehu-web\\shop_mall\\backend\\vendor\\illuminate\\database\\Query\\Builder.php(2402): Illuminate\\Database\\Query\\Builder->runSelect()
#4 D:\\my-code\\kehu-web\\shop_mall\\backend\\vendor\\illuminate\\database\\Query\\Builder.php(2936): Illuminate\\Database\\Query\\Builder->Illuminate\\Database\\Query\\{closure}()
#5 D:\\my-code\\kehu-web\\shop_mall\\backend\\vendor\\illuminate\\database\\Query\\Builder.php(2401): Illuminate\\Database\\Query\\Builder->onceWithColumns()
#6 D:\\my-code\\kehu-web\\shop_mall\\backend\\vendor\\illuminate\\database\\Eloquent\\Builder.php(625): Illuminate\\Database\\Query\\Builder->get()
#7 D:\\my-code\\kehu-web\\shop_mall\\backend\\vendor\\illuminate\\database\\Eloquent\\Builder.php(609): Illuminate\\Database\\Eloquent\\Builder->getModels()
#8 D:\\my-code\\kehu-web\\shop_mall\\backend\\app\\Models\\Announcement.php(31): Illuminate\\Database\\Eloquent\\Builder->get()
#9 D:\\my-code\\kehu-web\\shop_mall\\backend\\app\\Http\\Controllers\\Api\\AnnouncementController.php(15): App\\Models\\Announcement::getActive()
#10 D:\\my-code\\kehu-web\\shop_mall\\backend\\vendor\\illuminate\\container\\BoundMethod.php(36): App\\Http\\Controllers\\Api\\AnnouncementController->index()
#11 D:\\my-code\\kehu-web\\shop_mall\\backend\\vendor\\illuminate\\container\\Util.php(40): Illuminate\\Container\\BoundMethod::Illuminate\\Container\\{closure}()
#12 D:\\my-code\\kehu-web\\shop_mall\\backend\\vendor\\illuminate\\container\\BoundMethod.php(93): Illuminate\\Container\\Util::unwrapIfClosure()
#13 D:\\my-code\\kehu-web\\shop_mall\\backend\\vendor\\illuminate\\container\\BoundMethod.php(35): Illuminate\\Container\\BoundMethod::callBoundMethod()
#14 D:\\my-code\\kehu-web\\shop_mall\\backend\\vendor\\illuminate\\container\\Container.php(653): Illuminate\\Container\\BoundMethod::call()
#15 D:\\my-code\\kehu-web\\shop_mall\\backend\\vendor\\laravel\\lumen-framework\\src\\Concerns\\RoutesRequests.php(389): Illuminate\\Container\\Container->call()
#16 D:\\my-code\\kehu-web\\shop_mall\\backend\\vendor\\laravel\\lumen-framework\\src\\Concerns\\RoutesRequests.php(354): Laravel\\Lumen\\Application->callControllerCallable()
#17 D:\\my-code\\kehu-web\\shop_mall\\backend\\vendor\\laravel\\lumen-framework\\src\\Concerns\\RoutesRequests.php(329): Laravel\\Lumen\\Application->callLumenController()
#18 D:\\my-code\\kehu-web\\shop_mall\\backend\\vendor\\laravel\\lumen-framework\\src\\Concerns\\RoutesRequests.php(282): Laravel\\Lumen\\Application->callControllerAction()
#19 D:\\my-code\\kehu-web\\shop_mall\\backend\\vendor\\laravel\\lumen-framework\\src\\Concerns\\RoutesRequests.php(267): Laravel\\Lumen\\Application->callActionOnArrayBasedRoute()
#20 D:\\my-code\\kehu-web\\shop_mall\\backend\\vendor\\laravel\\lumen-framework\\src\\Concerns\\RoutesRequests.php(169): Laravel\\Lumen\\Application->handleFoundRoute()
#21 D:\\my-code\\kehu-web\\shop_mall\\backend\\vendor\\laravel\\lumen-framework\\src\\Routing\\Pipeline.php(48): Laravel\\Lumen\\Application->Laravel\\Lumen\\Concerns\\{closure}()
#22 D:\\my-code\\kehu-web\\shop_mall\\backend\\app\\Http\\Middleware\\CorsMiddleware.php(30): Laravel\\Lumen\\Routing\\Pipeline->Laravel\\Lumen\\Routing\\{closure}()
#23 D:\\my-code\\kehu-web\\shop_mall\\backend\\vendor\\illuminate\\pipeline\\Pipeline.php(167): App\\Http\\Middleware\\CorsMiddleware->handle()
#24 D:\\my-code\\kehu-web\\shop_mall\\backend\\vendor\\laravel\\lumen-framework\\src\\Routing\\Pipeline.php(30): Illuminate\\Pipeline\\Pipeline->Illuminate\\Pipeline\\{closure}()
#25 D:\\my-code\\kehu-web\\shop_mall\\backend\\vendor\\illuminate\\pipeline\\Pipeline.php(103): Laravel\\Lumen\\Routing\\Pipeline->Laravel\\Lumen\\Routing\\{closure}()
#26 D:\\my-code\\kehu-web\\shop_mall\\backend\\vendor\\laravel\\lumen-framework\\src\\Concerns\\RoutesRequests.php(426): Illuminate\\Pipeline\\Pipeline->then()
#27 D:\\my-code\\kehu-web\\shop_mall\\backend\\vendor\\laravel\\lumen-framework\\src\\Concerns\\RoutesRequests.php(165): Laravel\\Lumen\\Application->sendThroughPipeline()
#28 D:\\my-code\\kehu-web\\shop_mall\\backend\\vendor\\laravel\\lumen-framework\\src\\Concerns\\RoutesRequests.php(112): Laravel\\Lumen\\Application->dispatch()
#29 D:\\my-code\\kehu-web\\shop_mall\\backend\\public\\index.php(17): Laravel\\Lumen\\Application->run()
#30 {main}

[previous exception] [object] (PDOException(code: 2002): SQLSTATE[HY000] [2002] 套接字操作尝试一个无法连接的主机。 at D:\\my-code\\kehu-web\\shop_mall\\backend\\vendor\\illuminate\\database\\Connectors\\Connector.php:70)
[stacktrace]
#0 D:\\my-code\\kehu-web\\shop_mall\\backend\\vendor\\illuminate\\database\\Connectors\\Connector.php(70): PDO->__construct()
#1 D:\\my-code\\kehu-web\\shop_mall\\backend\\vendor\\illuminate\\database\\Connectors\\Connector.php(45): Illuminate\\Database\\Connectors\\Connector->createPdoConnection()
#2 D:\\my-code\\kehu-web\\shop_mall\\backend\\vendor\\illuminate\\database\\Connectors\\MySqlConnector.php(24): Illuminate\\Database\\Connectors\\Connector->createConnection()
#3 D:\\my-code\\kehu-web\\shop_mall\\backend\\vendor\\illuminate\\database\\Connectors\\ConnectionFactory.php(184): Illuminate\\Database\\Connectors\\MySqlConnector->connect()
#4 [internal function]: Illuminate\\Database\\Connectors\\ConnectionFactory->Illuminate\\Database\\Connectors\\{closure}()
#5 D:\\my-code\\kehu-web\\shop_mall\\backend\\vendor\\illuminate\\database\\Connection.php(1064): call_user_func()
#6 D:\\my-code\\kehu-web\\shop_mall\\backend\\vendor\\illuminate\\database\\Connection.php(1100): Illuminate\\Database\\Connection->getPdo()
#7 D:\\my-code\\kehu-web\\shop_mall\\backend\\vendor\\illuminate\\database\\Connection.php(442): Illuminate\\Database\\Connection->getReadPdo()
#8 D:\\my-code\\kehu-web\\shop_mall\\backend\\vendor\\illuminate\\database\\Connection.php(368): Illuminate\\Database\\Connection->getPdoForSelect()
#9 D:\\my-code\\kehu-web\\shop_mall\\backend\\vendor\\illuminate\\database\\Connection.php(705): Illuminate\\Database\\Connection->Illuminate\\Database\\{closure}()
#10 D:\\my-code\\kehu-web\\shop_mall\\backend\\vendor\\illuminate\\database\\Connection.php(672): Illuminate\\Database\\Connection->runQueryCallback()
#11 D:\\my-code\\kehu-web\\shop_mall\\backend\\vendor\\illuminate\\database\\Connection.php(359): Illuminate\\Database\\Connection->run()
#12 D:\\my-code\\kehu-web\\shop_mall\\backend\\vendor\\illuminate\\database\\Query\\Builder.php(2413): Illuminate\\Database\\Connection->select()
#13 D:\\my-code\\kehu-web\\shop_mall\\backend\\vendor\\illuminate\\database\\Query\\Builder.php(2402): Illuminate\\Database\\Query\\Builder->runSelect()
#14 D:\\my-code\\kehu-web\\shop_mall\\backend\\vendor\\illuminate\\database\\Query\\Builder.php(2936): Illuminate\\Database\\Query\\Builder->Illuminate\\Database\\Query\\{closure}()
#15 D:\\my-code\\kehu-web\\shop_mall\\backend\\vendor\\illuminate\\database\\Query\\Builder.php(2401): Illuminate\\Database\\Query\\Builder->onceWithColumns()
#16 D:\\my-code\\kehu-web\\shop_mall\\backend\\vendor\\illuminate\\database\\Eloquent\\Builder.php(625): Illuminate\\Database\\Query\\Builder->get()
#17 D:\\my-code\\kehu-web\\shop_mall\\backend\\vendor\\illuminate\\database\\Eloquent\\Builder.php(609): Illuminate\\Database\\Eloquent\\Builder->getModels()
#18 D:\\my-code\\kehu-web\\shop_mall\\backend\\app\\Models\\Announcement.php(31): Illuminate\\Database\\Eloquent\\Builder->get()
#19 D:\\my-code\\kehu-web\\shop_mall\\backend\\app\\Http\\Controllers\\Api\\AnnouncementController.php(15): App\\Models\\Announcement::getActive()
#20 D:\\my-code\\kehu-web\\shop_mall\\backend\\vendor\\illuminate\\container\\BoundMethod.php(36): App\\Http\\Controllers\\Api\\AnnouncementController->index()
#21 D:\\my-code\\kehu-web\\shop_mall\\backend\\vendor\\illuminate\\container\\Util.php(40): Illuminate\\Container\\BoundMethod::Illuminate\\Container\\{closure}()
#22 D:\\my-code\\kehu-web\\shop_mall\\backend\\vendor\\illuminate\\container\\BoundMethod.php(93): Illuminate\\Container\\Util::unwrapIfClosure()
#23 D:\\my-code\\kehu-web\\shop_mall\\backend\\vendor\\illuminate\\container\\BoundMethod.php(35): Illuminate\\Container\\BoundMethod::callBoundMethod()
#24 D:\\my-code\\kehu-web\\shop_mall\\backend\\vendor\\illuminate\\container\\Container.php(653): Illuminate\\Container\\BoundMethod::call()
#25 D:\\my-code\\kehu-web\\shop_mall\\backend\\vendor\\laravel\\lumen-framework\\src\\Concerns\\RoutesRequests.php(389): Illuminate\\Container\\Container->call()
#26 D:\\my-code\\kehu-web\\shop_mall\\backend\\vendor\\laravel\\lumen-framework\\src\\Concerns\\RoutesRequests.php(354): Laravel\\Lumen\\Application->callControllerCallable()
#27 D:\\my-code\\kehu-web\\shop_mall\\backend\\vendor\\laravel\\lumen-framework\\src\\Concerns\\RoutesRequests.php(329): Laravel\\Lumen\\Application->callLumenController()
#28 D:\\my-code\\kehu-web\\shop_mall\\backend\\vendor\\laravel\\lumen-framework\\src\\Concerns\\RoutesRequests.php(282): Laravel\\Lumen\\Application->callControllerAction()
#29 D:\\my-code\\kehu-web\\shop_mall\\backend\\vendor\\laravel\\lumen-framework\\src\\Concerns\\RoutesRequests.php(267): Laravel\\Lumen\\Application->callActionOnArrayBasedRoute()
#30 D:\\my-code\\kehu-web\\shop_mall\\backend\\vendor\\laravel\\lumen-framework\\src\\Concerns\\RoutesRequests.php(169): Laravel\\Lumen\\Application->handleFoundRoute()
#31 D:\\my-code\\kehu-web\\shop_mall\\backend\\vendor\\laravel\\lumen-framework\\src\\Routing\\Pipeline.php(48): Laravel\\Lumen\\Application->Laravel\\Lumen\\Concerns\\{closure}()
#32 D:\\my-code\\kehu-web\\shop_mall\\backend\\app\\Http\\Middleware\\CorsMiddleware.php(30): Laravel\\Lumen\\Routing\\Pipeline->Laravel\\Lumen\\Routing\\{closure}()
#33 D:\\my-code\\kehu-web\\shop_mall\\backend\\vendor\\illuminate\\pipeline\\Pipeline.php(167): App\\Http\\Middleware\\CorsMiddleware->handle()
#34 D:\\my-code\\kehu-web\\shop_mall\\backend\\vendor\\laravel\\lumen-framework\\src\\Routing\\Pipeline.php(30): Illuminate\\Pipeline\\Pipeline->Illuminate\\Pipeline\\{closure}()
#35 D:\\my-code\\kehu-web\\shop_mall\\backend\\vendor\\illuminate\\pipeline\\Pipeline.php(103): Laravel\\Lumen\\Routing\\Pipeline->Laravel\\Lumen\\Routing\\{closure}()
#36 D:\\my-code\\kehu-web\\shop_mall\\backend\\vendor\\laravel\\lumen-framework\\src\\Concerns\\RoutesRequests.php(426): Illuminate\\Pipeline\\Pipeline->then()
#37 D:\\my-code\\kehu-web\\shop_mall\\backend\\vendor\\laravel\\lumen-framework\\src\\Concerns\\RoutesRequests.php(165): Laravel\\Lumen\\Application->sendThroughPipeline()
#38 D:\\my-code\\kehu-web\\shop_mall\\backend\\vendor\\laravel\\lumen-framework\\src\\Concerns\\RoutesRequests.php(112): Laravel\\Lumen\\Application->dispatch()
#39 D:\\my-code\\kehu-web\\shop_mall\\backend\\public\\index.php(17): Laravel\\Lumen\\Application->run()
#40 {main}
"} 
[2025-12-24 12:07:49] production.ERROR: SQLSTATE[HY000] [2002] 套接字操作尝试一个无法连接的主机。 (SQL: select * from `users` where `id` = 1 limit 1) {"exception":"[object] (Illuminate\\Database\\QueryException(code: 2002): SQLSTATE[HY000] [2002] 套接字操作尝试一个无法连接的主机。 (SQL: select * from `users` where `id` = 1 limit 1) at D:\\my-code\\kehu-web\\shop_mall\\backend\\vendor\\illuminate\\database\\Connection.php:712)
[stacktrace]
#0 D:\\my-code\\kehu-web\\shop_mall\\backend\\vendor\\illuminate\\database\\Connection.php(672): Illuminate\\Database\\Connection->runQueryCallback()
#1 D:\\my-code\\kehu-web\\shop_mall\\backend\\vendor\\illuminate\\database\\Connection.php(359): Illuminate\\Database\\Connection->run()
#2 D:\\my-code\\kehu-web\\shop_mall\\backend\\vendor\\illuminate\\database\\Query\\Builder.php(2413): Illuminate\\Database\\Connection->select()
#3 D:\\my-code\\kehu-web\\shop_mall\\backend\\vendor\\illuminate\\database\\Query\\Builder.php(2402): Illuminate\\Database\\Query\\Builder->runSelect()
#4 D:\\my-code\\kehu-web\\shop_mall\\backend\\vendor\\illuminate\\database\\Query\\Builder.php(2936): Illuminate\\Database\\Query\\Builder->Illuminate\\Database\\Query\\{closure}()
#5 D:\\my-code\\kehu-web\\shop_mall\\backend\\vendor\\illuminate\\database\\Query\\Builder.php(2401): Illuminate\\Database\\Query\\Builder->onceWithColumns()
#6 D:\\my-code\\kehu-web\\shop_mall\\backend\\vendor\\illuminate\\database\\Eloquent\\Builder.php(625): Illuminate\\Database\\Query\\Builder->get()
#7 D:\\my-code\\kehu-web\\shop_mall\\backend\\vendor\\illuminate\\database\\Eloquent\\Builder.php(609): Illuminate\\Database\\Eloquent\\Builder->getModels()
#8 D:\\my-code\\kehu-web\\shop_mall\\backend\\vendor\\illuminate\\database\\Concerns\\BuildsQueries.php(294): Illuminate\\Database\\Eloquent\\Builder->get()
#9 D:\\my-code\\kehu-web\\shop_mall\\backend\\vendor\\illuminate\\auth\\EloquentUserProvider.php(53): Illuminate\\Database\\Eloquent\\Builder->first()
#10 D:\\my-code\\kehu-web\\shop_mall\\backend\\vendor\\tymon\\jwt-auth\\src\\JWTGuard.php(81): Illuminate\\Auth\\EloquentUserProvider->retrieveById()
#11 D:\\my-code\\kehu-web\\shop_mall\\backend\\vendor\\illuminate\\auth\\GuardHelpers.php(60): Tymon\\JWTAuth\\JWTGuard->user()
#12 D:\\my-code\\kehu-web\\shop_mall\\backend\\vendor\\illuminate\\auth\\GuardHelpers.php(70): Tymon\\JWTAuth\\JWTGuard->check()
#13 D:\\my-code\\kehu-web\\shop_mall\\backend\\app\\Http\\Middleware\\Authenticate.php(38): Tymon\\JWTAuth\\JWTGuard->guest()
#14 D:\\my-code\\kehu-web\\shop_mall\\backend\\vendor\\illuminate\\pipeline\\Pipeline.php(167): App\\Http\\Middleware\\Authenticate->handle()
#15 D:\\my-code\\kehu-web\\shop_mall\\backend\\vendor\\laravel\\lumen-framework\\src\\Routing\\Pipeline.php(30): Illuminate\\Pipeline\\Pipeline->Illuminate\\Pipeline\\{closure}()
#16 D:\\my-code\\kehu-web\\shop_mall\\backend\\vendor\\illuminate\\pipeline\\Pipeline.php(103): Laravel\\Lumen\\Routing\\Pipeline->Laravel\\Lumen\\Routing\\{closure}()
#17 D:\\my-code\\kehu-web\\shop_mall\\backend\\vendor\\laravel\\lumen-framework\\src\\Concerns\\RoutesRequests.php(426): Illuminate\\Pipeline\\Pipeline->then()
#18 D:\\my-code\\kehu-web\\shop_mall\\backend\\vendor\\laravel\\lumen-framework\\src\\Concerns\\RoutesRequests.php(261): Laravel\\Lumen\\Application->sendThroughPipeline()
#19 D:\\my-code\\kehu-web\\shop_mall\\backend\\vendor\\laravel\\lumen-framework\\src\\Concerns\\RoutesRequests.php(169): Laravel\\Lumen\\Application->handleFoundRoute()
#20 D:\\my-code\\kehu-web\\shop_mall\\backend\\vendor\\laravel\\lumen-framework\\src\\Routing\\Pipeline.php(48): Laravel\\Lumen\\Application->Laravel\\Lumen\\Concerns\\{closure}()
#21 D:\\my-code\\kehu-web\\shop_mall\\backend\\app\\Http\\Middleware\\CorsMiddleware.php(30): Laravel\\Lumen\\Routing\\Pipeline->Laravel\\Lumen\\Routing\\{closure}()
#22 D:\\my-code\\kehu-web\\shop_mall\\backend\\vendor\\illuminate\\pipeline\\Pipeline.php(167): App\\Http\\Middleware\\CorsMiddleware->handle()
#23 D:\\my-code\\kehu-web\\shop_mall\\backend\\vendor\\laravel\\lumen-framework\\src\\Routing\\Pipeline.php(30): Illuminate\\Pipeline\\Pipeline->Illuminate\\Pipeline\\{closure}()
#24 D:\\my-code\\kehu-web\\shop_mall\\backend\\vendor\\illuminate\\pipeline\\Pipeline.php(103): Laravel\\Lumen\\Routing\\Pipeline->Laravel\\Lumen\\Routing\\{closure}()
#25 D:\\my-code\\kehu-web\\shop_mall\\backend\\vendor\\laravel\\lumen-framework\\src\\Concerns\\RoutesRequests.php(426): Illuminate\\Pipeline\\Pipeline->then()
#26 D:\\my-code\\kehu-web\\shop_mall\\backend\\vendor\\laravel\\lumen-framework\\src\\Concerns\\RoutesRequests.php(165): Laravel\\Lumen\\Application->sendThroughPipeline()
#27 D:\\my-code\\kehu-web\\shop_mall\\backend\\vendor\\laravel\\lumen-framework\\src\\Concerns\\RoutesRequests.php(112): Laravel\\Lumen\\Application->dispatch()
#28 D:\\my-code\\kehu-web\\shop_mall\\backend\\public\\index.php(17): Laravel\\Lumen\\Application->run()
#29 {main}

[previous exception] [object] (PDOException(code: 2002): SQLSTATE[HY000] [2002] 套接字操作尝试一个无法连接的主机。 at D:\\my-code\\kehu-web\\shop_mall\\backend\\vendor\\illuminate\\database\\Connectors\\Connector.php:70)
[stacktrace]
#0 D:\\my-code\\kehu-web\\shop_mall\\backend\\vendor\\illuminate\\database\\Connectors\\Connector.php(70): PDO->__construct()
#1 D:\\my-code\\kehu-web\\shop_mall\\backend\\vendor\\illuminate\\database\\Connectors\\Connector.php(45): Illuminate\\Database\\Connectors\\Connector->createPdoConnection()
#2 D:\\my-code\\kehu-web\\shop_mall\\backend\\vendor\\illuminate\\database\\Connectors\\MySqlConnector.php(24): Illuminate\\Database\\Connectors\\Connector->createConnection()
#3 D:\\my-code\\kehu-web\\shop_mall\\backend\\vendor\\illuminate\\database\\Connectors\\ConnectionFactory.php(184): Illuminate\\Database\\Connectors\\MySqlConnector->connect()
#4 [internal function]: Illuminate\\Database\\Connectors\\ConnectionFactory->Illuminate\\Database\\Connectors\\{closure}()
#5 D:\\my-code\\kehu-web\\shop_mall\\backend\\vendor\\illuminate\\database\\Connection.php(1064): call_user_func()
#6 D:\\my-code\\kehu-web\\shop_mall\\backend\\vendor\\illuminate\\database\\Connection.php(1100): Illuminate\\Database\\Connection->getPdo()
#7 D:\\my-code\\kehu-web\\shop_mall\\backend\\vendor\\illuminate\\database\\Connection.php(442): Illuminate\\Database\\Connection->getReadPdo()
#8 D:\\my-code\\kehu-web\\shop_mall\\backend\\vendor\\illuminate\\database\\Connection.php(368): Illuminate\\Database\\Connection->getPdoForSelect()
#9 D:\\my-code\\kehu-web\\shop_mall\\backend\\vendor\\illuminate\\database\\Connection.php(705): Illuminate\\Database\\Connection->Illuminate\\Database\\{closure}()
#10 D:\\my-code\\kehu-web\\shop_mall\\backend\\vendor\\illuminate\\database\\Connection.php(672): Illuminate\\Database\\Connection->runQueryCallback()
#11 D:\\my-code\\kehu-web\\shop_mall\\backend\\vendor\\illuminate\\database\\Connection.php(359): Illuminate\\Database\\Connection->run()
#12 D:\\my-code\\kehu-web\\shop_mall\\backend\\vendor\\illuminate\\database\\Query\\Builder.php(2413): Illuminate\\Database\\Connection->select()
#13 D:\\my-code\\kehu-web\\shop_mall\\backend\\vendor\\illuminate\\database\\Query\\Builder.php(2402): Illuminate\\Database\\Query\\Builder->runSelect()
#14 D:\\my-code\\kehu-web\\shop_mall\\backend\\vendor\\illuminate\\database\\Query\\Builder.php(2936): Illuminate\\Database\\Query\\Builder->Illuminate\\Database\\Query\\{closure}()
#15 D:\\my-code\\kehu-web\\shop_mall\\backend\\vendor\\illuminate\\database\\Query\\Builder.php(2401): Illuminate\\Database\\Query\\Builder->onceWithColumns()
#16 D:\\my-code\\kehu-web\\shop_mall\\backend\\vendor\\illuminate\\database\\Eloquent\\Builder.php(625): Illuminate\\Database\\Query\\Builder->get()
#17 D:\\my-code\\kehu-web\\shop_mall\\backend\\vendor\\illuminate\\database\\Eloquent\\Builder.php(609): Illuminate\\Database\\Eloquent\\Builder->getModels()
#18 D:\\my-code\\kehu-web\\shop_mall\\backend\\vendor\\illuminate\\database\\Concerns\\BuildsQueries.php(294): Illuminate\\Database\\Eloquent\\Builder->get()
#19 D:\\my-code\\kehu-web\\shop_mall\\backend\\vendor\\illuminate\\auth\\EloquentUserProvider.php(53): Illuminate\\Database\\Eloquent\\Builder->first()
#20 D:\\my-code\\kehu-web\\shop_mall\\backend\\vendor\\tymon\\jwt-auth\\src\\JWTGuard.php(81): Illuminate\\Auth\\EloquentUserProvider->retrieveById()
#21 D:\\my-code\\kehu-web\\shop_mall\\backend\\vendor\\illuminate\\auth\\GuardHelpers.php(60): Tymon\\JWTAuth\\JWTGuard->user()
#22 D:\\my-code\\kehu-web\\shop_mall\\backend\\vendor\\illuminate\\auth\\GuardHelpers.php(70): Tymon\\JWTAuth\\JWTGuard->check()
#23 D:\\my-code\\kehu-web\\shop_mall\\backend\\app\\Http\\Middleware\\Authenticate.php(38): Tymon\\JWTAuth\\JWTGuard->guest()
#24 D:\\my-code\\kehu-web\\shop_mall\\backend\\vendor\\illuminate\\pipeline\\Pipeline.php(167): App\\Http\\Middleware\\Authenticate->handle()
#25 D:\\my-code\\kehu-web\\shop_mall\\backend\\vendor\\laravel\\lumen-framework\\src\\Routing\\Pipeline.php(30): Illuminate\\Pipeline\\Pipeline->Illuminate\\Pipeline\\{closure}()
#26 D:\\my-code\\kehu-web\\shop_mall\\backend\\vendor\\illuminate\\pipeline\\Pipeline.php(103): Laravel\\Lumen\\Routing\\Pipeline->Laravel\\Lumen\\Routing\\{closure}()
#27 D:\\my-code\\kehu-web\\shop_mall\\backend\\vendor\\laravel\\lumen-framework\\src\\Concerns\\RoutesRequests.php(426): Illuminate\\Pipeline\\Pipeline->then()
#28 D:\\my-code\\kehu-web\\shop_mall\\backend\\vendor\\laravel\\lumen-framework\\src\\Concerns\\RoutesRequests.php(261): Laravel\\Lumen\\Application->sendThroughPipeline()
#29 D:\\my-code\\kehu-web\\shop_mall\\backend\\vendor\\laravel\\lumen-framework\\src\\Concerns\\RoutesRequests.php(169): Laravel\\Lumen\\Application->handleFoundRoute()
#30 D:\\my-code\\kehu-web\\shop_mall\\backend\\vendor\\laravel\\lumen-framework\\src\\Routing\\Pipeline.php(48): Laravel\\Lumen\\Application->Laravel\\Lumen\\Concerns\\{closure}()
#31 D:\\my-code\\kehu-web\\shop_mall\\backend\\app\\Http\\Middleware\\CorsMiddleware.php(30): Laravel\\Lumen\\Routing\\Pipeline->Laravel\\Lumen\\Routing\\{closure}()
#32 D:\\my-code\\kehu-web\\shop_mall\\backend\\vendor\\illuminate\\pipeline\\Pipeline.php(167): App\\Http\\Middleware\\CorsMiddleware->handle()
#33 D:\\my-code\\kehu-web\\shop_mall\\backend\\vendor\\laravel\\lumen-framework\\src\\Routing\\Pipeline.php(30): Illuminate\\Pipeline\\Pipeline->Illuminate\\Pipeline\\{closure}()
#34 D:\\my-code\\kehu-web\\shop_mall\\backend\\vendor\\illuminate\\pipeline\\Pipeline.php(103): Laravel\\Lumen\\Routing\\Pipeline->Laravel\\Lumen\\Routing\\{closure}()
#35 D:\\my-code\\kehu-web\\shop_mall\\backend\\vendor\\laravel\\lumen-framework\\src\\Concerns\\RoutesRequests.php(426): Illuminate\\Pipeline\\Pipeline->then()
#36 D:\\my-code\\kehu-web\\shop_mall\\backend\\vendor\\laravel\\lumen-framework\\src\\Concerns\\RoutesRequests.php(165): Laravel\\Lumen\\Application->sendThroughPipeline()
#37 D:\\my-code\\kehu-web\\shop_mall\\backend\\vendor\\laravel\\lumen-framework\\src\\Concerns\\RoutesRequests.php(112): Laravel\\Lumen\\Application->dispatch()
#38 D:\\my-code\\kehu-web\\shop_mall\\backend\\public\\index.php(17): Laravel\\Lumen\\Application->run()
#39 {main}
"} 
[2025-12-24 12:07:49] production.ERROR: SQLSTATE[HY000] [2002] 套接字操作尝试一个无法连接的主机。 (SQL: select * from `banners` where `status` = 1 order by `sort` desc) {"exception":"[object] (Illuminate\\Database\\QueryException(code: 2002): SQLSTATE[HY000] [2002] 套接字操作尝试一个无法连接的主机。 (SQL: select * from `banners` where `status` = 1 order by `sort` desc) at D:\\my-code\\kehu-web\\shop_mall\\backend\\vendor\\illuminate\\database\\Connection.php:712)
[stacktrace]
#0 D:\\my-code\\kehu-web\\shop_mall\\backend\\vendor\\illuminate\\database\\Connection.php(672): Illuminate\\Database\\Connection->runQueryCallback()
#1 D:\\my-code\\kehu-web\\shop_mall\\backend\\vendor\\illuminate\\database\\Connection.php(359): Illuminate\\Database\\Connection->run()
#2 D:\\my-code\\kehu-web\\shop_mall\\backend\\vendor\\illuminate\\database\\Query\\Builder.php(2413): Illuminate\\Database\\Connection->select()
#3 D:\\my-code\\kehu-web\\shop_mall\\backend\\vendor\\illuminate\\database\\Query\\Builder.php(2402): Illuminate\\Database\\Query\\Builder->runSelect()
#4 D:\\my-code\\kehu-web\\shop_mall\\backend\\vendor\\illuminate\\database\\Query\\Builder.php(2936): Illuminate\\Database\\Query\\Builder->Illuminate\\Database\\Query\\{closure}()
#5 D:\\my-code\\kehu-web\\shop_mall\\backend\\vendor\\illuminate\\database\\Query\\Builder.php(2401): Illuminate\\Database\\Query\\Builder->onceWithColumns()
#6 D:\\my-code\\kehu-web\\shop_mall\\backend\\vendor\\illuminate\\database\\Eloquent\\Builder.php(625): Illuminate\\Database\\Query\\Builder->get()
#7 D:\\my-code\\kehu-web\\shop_mall\\backend\\vendor\\illuminate\\database\\Eloquent\\Builder.php(609): Illuminate\\Database\\Eloquent\\Builder->getModels()
#8 D:\\my-code\\kehu-web\\shop_mall\\backend\\app\\Http\\Controllers\\Api\\BannerController.php(19): Illuminate\\Database\\Eloquent\\Builder->get()
#9 D:\\my-code\\kehu-web\\shop_mall\\backend\\vendor\\illuminate\\container\\BoundMethod.php(36): App\\Http\\Controllers\\Api\\BannerController->index()
#10 D:\\my-code\\kehu-web\\shop_mall\\backend\\vendor\\illuminate\\container\\Util.php(40): Illuminate\\Container\\BoundMethod::Illuminate\\Container\\{closure}()
#11 D:\\my-code\\kehu-web\\shop_mall\\backend\\vendor\\illuminate\\container\\BoundMethod.php(93): Illuminate\\Container\\Util::unwrapIfClosure()
#12 D:\\my-code\\kehu-web\\shop_mall\\backend\\vendor\\illuminate\\container\\BoundMethod.php(35): Illuminate\\Container\\BoundMethod::callBoundMethod()
#13 D:\\my-code\\kehu-web\\shop_mall\\backend\\vendor\\illuminate\\container\\Container.php(653): Illuminate\\Container\\BoundMethod::call()
#14 D:\\my-code\\kehu-web\\shop_mall\\backend\\vendor\\laravel\\lumen-framework\\src\\Concerns\\RoutesRequests.php(389): Illuminate\\Container\\Container->call()
#15 D:\\my-code\\kehu-web\\shop_mall\\backend\\vendor\\laravel\\lumen-framework\\src\\Concerns\\RoutesRequests.php(354): Laravel\\Lumen\\Application->callControllerCallable()
#16 D:\\my-code\\kehu-web\\shop_mall\\backend\\vendor\\laravel\\lumen-framework\\src\\Concerns\\RoutesRequests.php(329): Laravel\\Lumen\\Application->callLumenController()
#17 D:\\my-code\\kehu-web\\shop_mall\\backend\\vendor\\laravel\\lumen-framework\\src\\Concerns\\RoutesRequests.php(282): Laravel\\Lumen\\Application->callControllerAction()
#18 D:\\my-code\\kehu-web\\shop_mall\\backend\\vendor\\laravel\\lumen-framework\\src\\Concerns\\RoutesRequests.php(267): Laravel\\Lumen\\Application->callActionOnArrayBasedRoute()
#19 D:\\my-code\\kehu-web\\shop_mall\\backend\\vendor\\laravel\\lumen-framework\\src\\Concerns\\RoutesRequests.php(169): Laravel\\Lumen\\Application->handleFoundRoute()
#20 D:\\my-code\\kehu-web\\shop_mall\\backend\\vendor\\laravel\\lumen-framework\\src\\Routing\\Pipeline.php(48): Laravel\\Lumen\\Application->Laravel\\Lumen\\Concerns\\{closure}()
#21 D:\\my-code\\kehu-web\\shop_mall\\backend\\app\\Http\\Middleware\\CorsMiddleware.php(30): Laravel\\Lumen\\Routing\\Pipeline->Laravel\\Lumen\\Routing\\{closure}()
#22 D:\\my-code\\kehu-web\\shop_mall\\backend\\vendor\\illuminate\\pipeline\\Pipeline.php(167): App\\Http\\Middleware\\CorsMiddleware->handle()
#23 D:\\my-code\\kehu-web\\shop_mall\\backend\\vendor\\laravel\\lumen-framework\\src\\Routing\\Pipeline.php(30): Illuminate\\Pipeline\\Pipeline->Illuminate\\Pipeline\\{closure}()
#24 D:\\my-code\\kehu-web\\shop_mall\\backend\\vendor\\illuminate\\pipeline\\Pipeline.php(103): Laravel\\Lumen\\Routing\\Pipeline->Laravel\\Lumen\\Routing\\{closure}()
#25 D:\\my-code\\kehu-web\\shop_mall\\backend\\vendor\\laravel\\lumen-framework\\src\\Concerns\\RoutesRequests.php(426): Illuminate\\Pipeline\\Pipeline->then()
#26 D:\\my-code\\kehu-web\\shop_mall\\backend\\vendor\\laravel\\lumen-framework\\src\\Concerns\\RoutesRequests.php(165): Laravel\\Lumen\\Application->sendThroughPipeline()
#27 D:\\my-code\\kehu-web\\shop_mall\\backend\\vendor\\laravel\\lumen-framework\\src\\Concerns\\RoutesRequests.php(112): Laravel\\Lumen\\Application->dispatch()
#28 D:\\my-code\\kehu-web\\shop_mall\\backend\\public\\index.php(17): Laravel\\Lumen\\Application->run()
#29 {main}

[previous exception] [object] (PDOException(code: 2002): SQLSTATE[HY000] [2002] 套接字操作尝试一个无法连接的主机。 at D:\\my-code\\kehu-web\\shop_mall\\backend\\vendor\\illuminate\\database\\Connectors\\Connector.php:70)
[stacktrace]
#0 D:\\my-code\\kehu-web\\shop_mall\\backend\\vendor\\illuminate\\database\\Connectors\\Connector.php(70): PDO->__construct()
#1 D:\\my-code\\kehu-web\\shop_mall\\backend\\vendor\\illuminate\\database\\Connectors\\Connector.php(45): Illuminate\\Database\\Connectors\\Connector->createPdoConnection()
#2 D:\\my-code\\kehu-web\\shop_mall\\backend\\vendor\\illuminate\\database\\Connectors\\MySqlConnector.php(24): Illuminate\\Database\\Connectors\\Connector->createConnection()
#3 D:\\my-code\\kehu-web\\shop_mall\\backend\\vendor\\illuminate\\database\\Connectors\\ConnectionFactory.php(184): Illuminate\\Database\\Connectors\\MySqlConnector->connect()
#4 [internal function]: Illuminate\\Database\\Connectors\\ConnectionFactory->Illuminate\\Database\\Connectors\\{closure}()
#5 D:\\my-code\\kehu-web\\shop_mall\\backend\\vendor\\illuminate\\database\\Connection.php(1064): call_user_func()
#6 D:\\my-code\\kehu-web\\shop_mall\\backend\\vendor\\illuminate\\database\\Connection.php(1100): Illuminate\\Database\\Connection->getPdo()
#7 D:\\my-code\\kehu-web\\shop_mall\\backend\\vendor\\illuminate\\database\\Connection.php(442): Illuminate\\Database\\Connection->getReadPdo()
#8 D:\\my-code\\kehu-web\\shop_mall\\backend\\vendor\\illuminate\\database\\Connection.php(368): Illuminate\\Database\\Connection->getPdoForSelect()
#9 D:\\my-code\\kehu-web\\shop_mall\\backend\\vendor\\illuminate\\database\\Connection.php(705): Illuminate\\Database\\Connection->Illuminate\\Database\\{closure}()
#10 D:\\my-code\\kehu-web\\shop_mall\\backend\\vendor\\illuminate\\database\\Connection.php(672): Illuminate\\Database\\Connection->runQueryCallback()
#11 D:\\my-code\\kehu-web\\shop_mall\\backend\\vendor\\illuminate\\database\\Connection.php(359): Illuminate\\Database\\Connection->run()
#12 D:\\my-code\\kehu-web\\shop_mall\\backend\\vendor\\illuminate\\database\\Query\\Builder.php(2413): Illuminate\\Database\\Connection->select()
#13 D:\\my-code\\kehu-web\\shop_mall\\backend\\vendor\\illuminate\\database\\Query\\Builder.php(2402): Illuminate\\Database\\Query\\Builder->runSelect()
#14 D:\\my-code\\kehu-web\\shop_mall\\backend\\vendor\\illuminate\\database\\Query\\Builder.php(2936): Illuminate\\Database\\Query\\Builder->Illuminate\\Database\\Query\\{closure}()
#15 D:\\my-code\\kehu-web\\shop_mall\\backend\\vendor\\illuminate\\database\\Query\\Builder.php(2401): Illuminate\\Database\\Query\\Builder->onceWithColumns()
#16 D:\\my-code\\kehu-web\\shop_mall\\backend\\vendor\\illuminate\\database\\Eloquent\\Builder.php(625): Illuminate\\Database\\Query\\Builder->get()
#17 D:\\my-code\\kehu-web\\shop_mall\\backend\\vendor\\illuminate\\database\\Eloquent\\Builder.php(609): Illuminate\\Database\\Eloquent\\Builder->getModels()
#18 D:\\my-code\\kehu-web\\shop_mall\\backend\\app\\Http\\Controllers\\Api\\BannerController.php(19): Illuminate\\Database\\Eloquent\\Builder->get()
#19 D:\\my-code\\kehu-web\\shop_mall\\backend\\vendor\\illuminate\\container\\BoundMethod.php(36): App\\Http\\Controllers\\Api\\BannerController->index()
#20 D:\\my-code\\kehu-web\\shop_mall\\backend\\vendor\\illuminate\\container\\Util.php(40): Illuminate\\Container\\BoundMethod::Illuminate\\Container\\{closure}()
#21 D:\\my-code\\kehu-web\\shop_mall\\backend\\vendor\\illuminate\\container\\BoundMethod.php(93): Illuminate\\Container\\Util::unwrapIfClosure()
#22 D:\\my-code\\kehu-web\\shop_mall\\backend\\vendor\\illuminate\\container\\BoundMethod.php(35): Illuminate\\Container\\BoundMethod::callBoundMethod()
#23 D:\\my-code\\kehu-web\\shop_mall\\backend\\vendor\\illuminate\\container\\Container.php(653): Illuminate\\Container\\BoundMethod::call()
#24 D:\\my-code\\kehu-web\\shop_mall\\backend\\vendor\\laravel\\lumen-framework\\src\\Concerns\\RoutesRequests.php(389): Illuminate\\Container\\Container->call()
#25 D:\\my-code\\kehu-web\\shop_mall\\backend\\vendor\\laravel\\lumen-framework\\src\\Concerns\\RoutesRequests.php(354): Laravel\\Lumen\\Application->callControllerCallable()
#26 D:\\my-code\\kehu-web\\shop_mall\\backend\\vendor\\laravel\\lumen-framework\\src\\Concerns\\RoutesRequests.php(329): Laravel\\Lumen\\Application->callLumenController()
#27 D:\\my-code\\kehu-web\\shop_mall\\backend\\vendor\\laravel\\lumen-framework\\src\\Concerns\\RoutesRequests.php(282): Laravel\\Lumen\\Application->callControllerAction()
#28 D:\\my-code\\kehu-web\\shop_mall\\backend\\vendor\\laravel\\lumen-framework\\src\\Concerns\\RoutesRequests.php(267): Laravel\\Lumen\\Application->callActionOnArrayBasedRoute()
#29 D:\\my-code\\kehu-web\\shop_mall\\backend\\vendor\\laravel\\lumen-framework\\src\\Concerns\\RoutesRequests.php(169): Laravel\\Lumen\\Application->handleFoundRoute()
#30 D:\\my-code\\kehu-web\\shop_mall\\backend\\vendor\\laravel\\lumen-framework\\src\\Routing\\Pipeline.php(48): Laravel\\Lumen\\Application->Laravel\\Lumen\\Concerns\\{closure}()
#31 D:\\my-code\\kehu-web\\shop_mall\\backend\\app\\Http\\Middleware\\CorsMiddleware.php(30): Laravel\\Lumen\\Routing\\Pipeline->Laravel\\Lumen\\Routing\\{closure}()
#32 D:\\my-code\\kehu-web\\shop_mall\\backend\\vendor\\illuminate\\pipeline\\Pipeline.php(167): App\\Http\\Middleware\\CorsMiddleware->handle()
#33 D:\\my-code\\kehu-web\\shop_mall\\backend\\vendor\\laravel\\lumen-framework\\src\\Routing\\Pipeline.php(30): Illuminate\\Pipeline\\Pipeline->Illuminate\\Pipeline\\{closure}()
#34 D:\\my-code\\kehu-web\\shop_mall\\backend\\vendor\\illuminate\\pipeline\\Pipeline.php(103): Laravel\\Lumen\\Routing\\Pipeline->Laravel\\Lumen\\Routing\\{closure}()
#35 D:\\my-code\\kehu-web\\shop_mall\\backend\\vendor\\laravel\\lumen-framework\\src\\Concerns\\RoutesRequests.php(426): Illuminate\\Pipeline\\Pipeline->then()
#36 D:\\my-code\\kehu-web\\shop_mall\\backend\\vendor\\laravel\\lumen-framework\\src\\Concerns\\RoutesRequests.php(165): Laravel\\Lumen\\Application->sendThroughPipeline()
#37 D:\\my-code\\kehu-web\\shop_mall\\backend\\vendor\\laravel\\lumen-framework\\src\\Concerns\\RoutesRequests.php(112): Laravel\\Lumen\\Application->dispatch()
#38 D:\\my-code\\kehu-web\\shop_mall\\backend\\public\\index.php(17): Laravel\\Lumen\\Application->run()
#39 {main}
"} 
[2025-12-24 12:07:49] production.ERROR: SQLSTATE[HY000] [2002] 套接字操作尝试一个无法连接的主机。 (SQL: select count(*) as aggregate from `products` where `status` = 1 and `is_featured` = 1) {"exception":"[object] (Illuminate\\Database\\QueryException(code: 2002): SQLSTATE[HY000] [2002] 套接字操作尝试一个无法连接的主机。 (SQL: select count(*) as aggregate from `products` where `status` = 1 and `is_featured` = 1) at D:\\my-code\\kehu-web\\shop_mall\\backend\\vendor\\illuminate\\database\\Connection.php:712)
[stacktrace]
#0 D:\\my-code\\kehu-web\\shop_mall\\backend\\vendor\\illuminate\\database\\Connection.php(672): Illuminate\\Database\\Connection->runQueryCallback()
#1 D:\\my-code\\kehu-web\\shop_mall\\backend\\vendor\\illuminate\\database\\Connection.php(359): Illuminate\\Database\\Connection->run()
#2 D:\\my-code\\kehu-web\\shop_mall\\backend\\vendor\\illuminate\\database\\Query\\Builder.php(2413): Illuminate\\Database\\Connection->select()
#3 D:\\my-code\\kehu-web\\shop_mall\\backend\\vendor\\illuminate\\database\\Query\\Builder.php(2402): Illuminate\\Database\\Query\\Builder->runSelect()
#4 D:\\my-code\\kehu-web\\shop_mall\\backend\\vendor\\illuminate\\database\\Query\\Builder.php(2936): Illuminate\\Database\\Query\\Builder->Illuminate\\Database\\Query\\{closure}()
#5 D:\\my-code\\kehu-web\\shop_mall\\backend\\vendor\\illuminate\\database\\Query\\Builder.php(2401): Illuminate\\Database\\Query\\Builder->onceWithColumns()
#6 D:\\my-code\\kehu-web\\shop_mall\\backend\\vendor\\illuminate\\database\\Query\\Builder.php(2550): Illuminate\\Database\\Query\\Builder->get()
#7 D:\\my-code\\kehu-web\\shop_mall\\backend\\vendor\\illuminate\\database\\Query\\Builder.php(2509): Illuminate\\Database\\Query\\Builder->runPaginationCountQuery()
#8 D:\\my-code\\kehu-web\\shop_mall\\backend\\vendor\\illuminate\\database\\Eloquent\\Builder.php(808): Illuminate\\Database\\Query\\Builder->getCountForPagination()
#9 D:\\my-code\\kehu-web\\shop_mall\\backend\\app\\Http\\Controllers\\Api\\ProductController.php(46): Illuminate\\Database\\Eloquent\\Builder->paginate()
#10 D:\\my-code\\kehu-web\\shop_mall\\backend\\vendor\\illuminate\\container\\BoundMethod.php(36): App\\Http\\Controllers\\Api\\ProductController->index()
#11 D:\\my-code\\kehu-web\\shop_mall\\backend\\vendor\\illuminate\\container\\Util.php(40): Illuminate\\Container\\BoundMethod::Illuminate\\Container\\{closure}()
#12 D:\\my-code\\kehu-web\\shop_mall\\backend\\vendor\\illuminate\\container\\BoundMethod.php(93): Illuminate\\Container\\Util::unwrapIfClosure()
#13 D:\\my-code\\kehu-web\\shop_mall\\backend\\vendor\\illuminate\\container\\BoundMethod.php(35): Illuminate\\Container\\BoundMethod::callBoundMethod()
#14 D:\\my-code\\kehu-web\\shop_mall\\backend\\vendor\\illuminate\\container\\Container.php(653): Illuminate\\Container\\BoundMethod::call()
#15 D:\\my-code\\kehu-web\\shop_mall\\backend\\vendor\\laravel\\lumen-framework\\src\\Concerns\\RoutesRequests.php(389): Illuminate\\Container\\Container->call()
#16 D:\\my-code\\kehu-web\\shop_mall\\backend\\vendor\\laravel\\lumen-framework\\src\\Concerns\\RoutesRequests.php(354): Laravel\\Lumen\\Application->callControllerCallable()
#17 D:\\my-code\\kehu-web\\shop_mall\\backend\\vendor\\laravel\\lumen-framework\\src\\Concerns\\RoutesRequests.php(329): Laravel\\Lumen\\Application->callLumenController()
#18 D:\\my-code\\kehu-web\\shop_mall\\backend\\vendor\\laravel\\lumen-framework\\src\\Concerns\\RoutesRequests.php(282): Laravel\\Lumen\\Application->callControllerAction()
#19 D:\\my-code\\kehu-web\\shop_mall\\backend\\vendor\\laravel\\lumen-framework\\src\\Concerns\\RoutesRequests.php(267): Laravel\\Lumen\\Application->callActionOnArrayBasedRoute()
#20 D:\\my-code\\kehu-web\\shop_mall\\backend\\vendor\\laravel\\lumen-framework\\src\\Concerns\\RoutesRequests.php(169): Laravel\\Lumen\\Application->handleFoundRoute()
#21 D:\\my-code\\kehu-web\\shop_mall\\backend\\vendor\\laravel\\lumen-framework\\src\\Routing\\Pipeline.php(48): Laravel\\Lumen\\Application->Laravel\\Lumen\\Concerns\\{closure}()
#22 D:\\my-code\\kehu-web\\shop_mall\\backend\\app\\Http\\Middleware\\CorsMiddleware.php(30): Laravel\\Lumen\\Routing\\Pipeline->Laravel\\Lumen\\Routing\\{closure}()
#23 D:\\my-code\\kehu-web\\shop_mall\\backend\\vendor\\illuminate\\pipeline\\Pipeline.php(167): App\\Http\\Middleware\\CorsMiddleware->handle()
#24 D:\\my-code\\kehu-web\\shop_mall\\backend\\vendor\\laravel\\lumen-framework\\src\\Routing\\Pipeline.php(30): Illuminate\\Pipeline\\Pipeline->Illuminate\\Pipeline\\{closure}()
#25 D:\\my-code\\kehu-web\\shop_mall\\backend\\vendor\\illuminate\\pipeline\\Pipeline.php(103): Laravel\\Lumen\\Routing\\Pipeline->Laravel\\Lumen\\Routing\\{closure}()
#26 D:\\my-code\\kehu-web\\shop_mall\\backend\\vendor\\laravel\\lumen-framework\\src\\Concerns\\RoutesRequests.php(426): Illuminate\\Pipeline\\Pipeline->then()
#27 D:\\my-code\\kehu-web\\shop_mall\\backend\\vendor\\laravel\\lumen-framework\\src\\Concerns\\RoutesRequests.php(165): Laravel\\Lumen\\Application->sendThroughPipeline()
#28 D:\\my-code\\kehu-web\\shop_mall\\backend\\vendor\\laravel\\lumen-framework\\src\\Concerns\\RoutesRequests.php(112): Laravel\\Lumen\\Application->dispatch()
#29 D:\\my-code\\kehu-web\\shop_mall\\backend\\public\\index.php(17): Laravel\\Lumen\\Application->run()
#30 {main}

[previous exception] [object] (PDOException(code: 2002): SQLSTATE[HY000] [2002] 套接字操作尝试一个无法连接的主机。 at D:\\my-code\\kehu-web\\shop_mall\\backend\\vendor\\illuminate\\database\\Connectors\\Connector.php:70)
[stacktrace]
#0 D:\\my-code\\kehu-web\\shop_mall\\backend\\vendor\\illuminate\\database\\Connectors\\Connector.php(70): PDO->__construct()
#1 D:\\my-code\\kehu-web\\shop_mall\\backend\\vendor\\illuminate\\database\\Connectors\\Connector.php(45): Illuminate\\Database\\Connectors\\Connector->createPdoConnection()
#2 D:\\my-code\\kehu-web\\shop_mall\\backend\\vendor\\illuminate\\database\\Connectors\\MySqlConnector.php(24): Illuminate\\Database\\Connectors\\Connector->createConnection()
#3 D:\\my-code\\kehu-web\\shop_mall\\backend\\vendor\\illuminate\\database\\Connectors\\ConnectionFactory.php(184): Illuminate\\Database\\Connectors\\MySqlConnector->connect()
#4 [internal function]: Illuminate\\Database\\Connectors\\ConnectionFactory->Illuminate\\Database\\Connectors\\{closure}()
#5 D:\\my-code\\kehu-web\\shop_mall\\backend\\vendor\\illuminate\\database\\Connection.php(1064): call_user_func()
#6 D:\\my-code\\kehu-web\\shop_mall\\backend\\vendor\\illuminate\\database\\Connection.php(1100): Illuminate\\Database\\Connection->getPdo()
#7 D:\\my-code\\kehu-web\\shop_mall\\backend\\vendor\\illuminate\\database\\Connection.php(442): Illuminate\\Database\\Connection->getReadPdo()
#8 D:\\my-code\\kehu-web\\shop_mall\\backend\\vendor\\illuminate\\database\\Connection.php(368): Illuminate\\Database\\Connection->getPdoForSelect()
#9 D:\\my-code\\kehu-web\\shop_mall\\backend\\vendor\\illuminate\\database\\Connection.php(705): Illuminate\\Database\\Connection->Illuminate\\Database\\{closure}()
#10 D:\\my-code\\kehu-web\\shop_mall\\backend\\vendor\\illuminate\\database\\Connection.php(672): Illuminate\\Database\\Connection->runQueryCallback()
#11 D:\\my-code\\kehu-web\\shop_mall\\backend\\vendor\\illuminate\\database\\Connection.php(359): Illuminate\\Database\\Connection->run()
#12 D:\\my-code\\kehu-web\\shop_mall\\backend\\vendor\\illuminate\\database\\Query\\Builder.php(2413): Illuminate\\Database\\Connection->select()
#13 D:\\my-code\\kehu-web\\shop_mall\\backend\\vendor\\illuminate\\database\\Query\\Builder.php(2402): Illuminate\\Database\\Query\\Builder->runSelect()
#14 D:\\my-code\\kehu-web\\shop_mall\\backend\\vendor\\illuminate\\database\\Query\\Builder.php(2936): Illuminate\\Database\\Query\\Builder->Illuminate\\Database\\Query\\{closure}()
#15 D:\\my-code\\kehu-web\\shop_mall\\backend\\vendor\\illuminate\\database\\Query\\Builder.php(2401): Illuminate\\Database\\Query\\Builder->onceWithColumns()
#16 D:\\my-code\\kehu-web\\shop_mall\\backend\\vendor\\illuminate\\database\\Query\\Builder.php(2550): Illuminate\\Database\\Query\\Builder->get()
#17 D:\\my-code\\kehu-web\\shop_mall\\backend\\vendor\\illuminate\\database\\Query\\Builder.php(2509): Illuminate\\Database\\Query\\Builder->runPaginationCountQuery()
#18 D:\\my-code\\kehu-web\\shop_mall\\backend\\vendor\\illuminate\\database\\Eloquent\\Builder.php(808): Illuminate\\Database\\Query\\Builder->getCountForPagination()
#19 D:\\my-code\\kehu-web\\shop_mall\\backend\\app\\Http\\Controllers\\Api\\ProductController.php(46): Illuminate\\Database\\Eloquent\\Builder->paginate()
#20 D:\\my-code\\kehu-web\\shop_mall\\backend\\vendor\\illuminate\\container\\BoundMethod.php(36): App\\Http\\Controllers\\Api\\ProductController->index()
#21 D:\\my-code\\kehu-web\\shop_mall\\backend\\vendor\\illuminate\\container\\Util.php(40): Illuminate\\Container\\BoundMethod::Illuminate\\Container\\{closure}()
#22 D:\\my-code\\kehu-web\\shop_mall\\backend\\vendor\\illuminate\\container\\BoundMethod.php(93): Illuminate\\Container\\Util::unwrapIfClosure()
#23 D:\\my-code\\kehu-web\\shop_mall\\backend\\vendor\\illuminate\\container\\BoundMethod.php(35): Illuminate\\Container\\BoundMethod::callBoundMethod()
#24 D:\\my-code\\kehu-web\\shop_mall\\backend\\vendor\\illuminate\\container\\Container.php(653): Illuminate\\Container\\BoundMethod::call()
#25 D:\\my-code\\kehu-web\\shop_mall\\backend\\vendor\\laravel\\lumen-framework\\src\\Concerns\\RoutesRequests.php(389): Illuminate\\Container\\Container->call()
#26 D:\\my-code\\kehu-web\\shop_mall\\backend\\vendor\\laravel\\lumen-framework\\src\\Concerns\\RoutesRequests.php(354): Laravel\\Lumen\\Application->callControllerCallable()
#27 D:\\my-code\\kehu-web\\shop_mall\\backend\\vendor\\laravel\\lumen-framework\\src\\Concerns\\RoutesRequests.php(329): Laravel\\Lumen\\Application->callLumenController()
#28 D:\\my-code\\kehu-web\\shop_mall\\backend\\vendor\\laravel\\lumen-framework\\src\\Concerns\\RoutesRequests.php(282): Laravel\\Lumen\\Application->callControllerAction()
#29 D:\\my-code\\kehu-web\\shop_mall\\backend\\vendor\\laravel\\lumen-framework\\src\\Concerns\\RoutesRequests.php(267): Laravel\\Lumen\\Application->callActionOnArrayBasedRoute()
#30 D:\\my-code\\kehu-web\\shop_mall\\backend\\vendor\\laravel\\lumen-framework\\src\\Concerns\\RoutesRequests.php(169): Laravel\\Lumen\\Application->handleFoundRoute()
#31 D:\\my-code\\kehu-web\\shop_mall\\backend\\vendor\\laravel\\lumen-framework\\src\\Routing\\Pipeline.php(48): Laravel\\Lumen\\Application->Laravel\\Lumen\\Concerns\\{closure}()
#32 D:\\my-code\\kehu-web\\shop_mall\\backend\\app\\Http\\Middleware\\CorsMiddleware.php(30): Laravel\\Lumen\\Routing\\Pipeline->Laravel\\Lumen\\Routing\\{closure}()
#33 D:\\my-code\\kehu-web\\shop_mall\\backend\\vendor\\illuminate\\pipeline\\Pipeline.php(167): App\\Http\\Middleware\\CorsMiddleware->handle()
#34 D:\\my-code\\kehu-web\\shop_mall\\backend\\vendor\\laravel\\lumen-framework\\src\\Routing\\Pipeline.php(30): Illuminate\\Pipeline\\Pipeline->Illuminate\\Pipeline\\{closure}()
#35 D:\\my-code\\kehu-web\\shop_mall\\backend\\vendor\\illuminate\\pipeline\\Pipeline.php(103): Laravel\\Lumen\\Routing\\Pipeline->Laravel\\Lumen\\Routing\\{closure}()
#36 D:\\my-code\\kehu-web\\shop_mall\\backend\\vendor\\laravel\\lumen-framework\\src\\Concerns\\RoutesRequests.php(426): Illuminate\\Pipeline\\Pipeline->then()
#37 D:\\my-code\\kehu-web\\shop_mall\\backend\\vendor\\laravel\\lumen-framework\\src\\Concerns\\RoutesRequests.php(165): Laravel\\Lumen\\Application->sendThroughPipeline()
#38 D:\\my-code\\kehu-web\\shop_mall\\backend\\vendor\\laravel\\lumen-framework\\src\\Concerns\\RoutesRequests.php(112): Laravel\\Lumen\\Application->dispatch()
#39 D:\\my-code\\kehu-web\\shop_mall\\backend\\public\\index.php(17): Laravel\\Lumen\\Application->run()
#40 {main}
"} 
[2025-12-24 12:07:50] production.ERROR: SQLSTATE[HY000] [2002] 套接字操作尝试一个无法连接的主机。 (SQL: select * from `users` where `id` = 1 limit 1) {"exception":"[object] (Illuminate\\Database\\QueryException(code: 2002): SQLSTATE[HY000] [2002] 套接字操作尝试一个无法连接的主机。 (SQL: select * from `users` where `id` = 1 limit 1) at D:\\my-code\\kehu-web\\shop_mall\\backend\\vendor\\illuminate\\database\\Connection.php:712)
[stacktrace]
#0 D:\\my-code\\kehu-web\\shop_mall\\backend\\vendor\\illuminate\\database\\Connection.php(672): Illuminate\\Database\\Connection->runQueryCallback()
#1 D:\\my-code\\kehu-web\\shop_mall\\backend\\vendor\\illuminate\\database\\Connection.php(359): Illuminate\\Database\\Connection->run()
#2 D:\\my-code\\kehu-web\\shop_mall\\backend\\vendor\\illuminate\\database\\Query\\Builder.php(2413): Illuminate\\Database\\Connection->select()
#3 D:\\my-code\\kehu-web\\shop_mall\\backend\\vendor\\illuminate\\database\\Query\\Builder.php(2402): Illuminate\\Database\\Query\\Builder->runSelect()
#4 D:\\my-code\\kehu-web\\shop_mall\\backend\\vendor\\illuminate\\database\\Query\\Builder.php(2936): Illuminate\\Database\\Query\\Builder->Illuminate\\Database\\Query\\{closure}()
#5 D:\\my-code\\kehu-web\\shop_mall\\backend\\vendor\\illuminate\\database\\Query\\Builder.php(2401): Illuminate\\Database\\Query\\Builder->onceWithColumns()
#6 D:\\my-code\\kehu-web\\shop_mall\\backend\\vendor\\illuminate\\database\\Eloquent\\Builder.php(625): Illuminate\\Database\\Query\\Builder->get()
#7 D:\\my-code\\kehu-web\\shop_mall\\backend\\vendor\\illuminate\\database\\Eloquent\\Builder.php(609): Illuminate\\Database\\Eloquent\\Builder->getModels()
#8 D:\\my-code\\kehu-web\\shop_mall\\backend\\vendor\\illuminate\\database\\Concerns\\BuildsQueries.php(294): Illuminate\\Database\\Eloquent\\Builder->get()
#9 D:\\my-code\\kehu-web\\shop_mall\\backend\\vendor\\illuminate\\auth\\EloquentUserProvider.php(53): Illuminate\\Database\\Eloquent\\Builder->first()
#10 D:\\my-code\\kehu-web\\shop_mall\\backend\\vendor\\tymon\\jwt-auth\\src\\JWTGuard.php(81): Illuminate\\Auth\\EloquentUserProvider->retrieveById()
#11 D:\\my-code\\kehu-web\\shop_mall\\backend\\vendor\\illuminate\\auth\\GuardHelpers.php(60): Tymon\\JWTAuth\\JWTGuard->user()
#12 D:\\my-code\\kehu-web\\shop_mall\\backend\\vendor\\illuminate\\auth\\GuardHelpers.php(70): Tymon\\JWTAuth\\JWTGuard->check()
#13 D:\\my-code\\kehu-web\\shop_mall\\backend\\app\\Http\\Middleware\\Authenticate.php(38): Tymon\\JWTAuth\\JWTGuard->guest()
#14 D:\\my-code\\kehu-web\\shop_mall\\backend\\vendor\\illuminate\\pipeline\\Pipeline.php(167): App\\Http\\Middleware\\Authenticate->handle()
#15 D:\\my-code\\kehu-web\\shop_mall\\backend\\vendor\\laravel\\lumen-framework\\src\\Routing\\Pipeline.php(30): Illuminate\\Pipeline\\Pipeline->Illuminate\\Pipeline\\{closure}()
#16 D:\\my-code\\kehu-web\\shop_mall\\backend\\vendor\\illuminate\\pipeline\\Pipeline.php(103): Laravel\\Lumen\\Routing\\Pipeline->Laravel\\Lumen\\Routing\\{closure}()
#17 D:\\my-code\\kehu-web\\shop_mall\\backend\\vendor\\laravel\\lumen-framework\\src\\Concerns\\RoutesRequests.php(426): Illuminate\\Pipeline\\Pipeline->then()
#18 D:\\my-code\\kehu-web\\shop_mall\\backend\\vendor\\laravel\\lumen-framework\\src\\Concerns\\RoutesRequests.php(261): Laravel\\Lumen\\Application->sendThroughPipeline()
#19 D:\\my-code\\kehu-web\\shop_mall\\backend\\vendor\\laravel\\lumen-framework\\src\\Concerns\\RoutesRequests.php(169): Laravel\\Lumen\\Application->handleFoundRoute()
#20 D:\\my-code\\kehu-web\\shop_mall\\backend\\vendor\\laravel\\lumen-framework\\src\\Routing\\Pipeline.php(48): Laravel\\Lumen\\Application->Laravel\\Lumen\\Concerns\\{closure}()
#21 D:\\my-code\\kehu-web\\shop_mall\\backend\\app\\Http\\Middleware\\CorsMiddleware.php(30): Laravel\\Lumen\\Routing\\Pipeline->Laravel\\Lumen\\Routing\\{closure}()
#22 D:\\my-code\\kehu-web\\shop_mall\\backend\\vendor\\illuminate\\pipeline\\Pipeline.php(167): App\\Http\\Middleware\\CorsMiddleware->handle()
#23 D:\\my-code\\kehu-web\\shop_mall\\backend\\vendor\\laravel\\lumen-framework\\src\\Routing\\Pipeline.php(30): Illuminate\\Pipeline\\Pipeline->Illuminate\\Pipeline\\{closure}()
#24 D:\\my-code\\kehu-web\\shop_mall\\backend\\vendor\\illuminate\\pipeline\\Pipeline.php(103): Laravel\\Lumen\\Routing\\Pipeline->Laravel\\Lumen\\Routing\\{closure}()
#25 D:\\my-code\\kehu-web\\shop_mall\\backend\\vendor\\laravel\\lumen-framework\\src\\Concerns\\RoutesRequests.php(426): Illuminate\\Pipeline\\Pipeline->then()
#26 D:\\my-code\\kehu-web\\shop_mall\\backend\\vendor\\laravel\\lumen-framework\\src\\Concerns\\RoutesRequests.php(165): Laravel\\Lumen\\Application->sendThroughPipeline()
#27 D:\\my-code\\kehu-web\\shop_mall\\backend\\vendor\\laravel\\lumen-framework\\src\\Concerns\\RoutesRequests.php(112): Laravel\\Lumen\\Application->dispatch()
#28 D:\\my-code\\kehu-web\\shop_mall\\backend\\public\\index.php(17): Laravel\\Lumen\\Application->run()
#29 {main}

[previous exception] [object] (PDOException(code: 2002): SQLSTATE[HY000] [2002] 套接字操作尝试一个无法连接的主机。 at D:\\my-code\\kehu-web\\shop_mall\\backend\\vendor\\illuminate\\database\\Connectors\\Connector.php:70)
[stacktrace]
#0 D:\\my-code\\kehu-web\\shop_mall\\backend\\vendor\\illuminate\\database\\Connectors\\Connector.php(70): PDO->__construct()
#1 D:\\my-code\\kehu-web\\shop_mall\\backend\\vendor\\illuminate\\database\\Connectors\\Connector.php(45): Illuminate\\Database\\Connectors\\Connector->createPdoConnection()
#2 D:\\my-code\\kehu-web\\shop_mall\\backend\\vendor\\illuminate\\database\\Connectors\\MySqlConnector.php(24): Illuminate\\Database\\Connectors\\Connector->createConnection()
#3 D:\\my-code\\kehu-web\\shop_mall\\backend\\vendor\\illuminate\\database\\Connectors\\ConnectionFactory.php(184): Illuminate\\Database\\Connectors\\MySqlConnector->connect()
#4 [internal function]: Illuminate\\Database\\Connectors\\ConnectionFactory->Illuminate\\Database\\Connectors\\{closure}()
#5 D:\\my-code\\kehu-web\\shop_mall\\backend\\vendor\\illuminate\\database\\Connection.php(1064): call_user_func()
#6 D:\\my-code\\kehu-web\\shop_mall\\backend\\vendor\\illuminate\\database\\Connection.php(1100): Illuminate\\Database\\Connection->getPdo()
#7 D:\\my-code\\kehu-web\\shop_mall\\backend\\vendor\\illuminate\\database\\Connection.php(442): Illuminate\\Database\\Connection->getReadPdo()
#8 D:\\my-code\\kehu-web\\shop_mall\\backend\\vendor\\illuminate\\database\\Connection.php(368): Illuminate\\Database\\Connection->getPdoForSelect()
#9 D:\\my-code\\kehu-web\\shop_mall\\backend\\vendor\\illuminate\\database\\Connection.php(705): Illuminate\\Database\\Connection->Illuminate\\Database\\{closure}()
#10 D:\\my-code\\kehu-web\\shop_mall\\backend\\vendor\\illuminate\\database\\Connection.php(672): Illuminate\\Database\\Connection->runQueryCallback()
#11 D:\\my-code\\kehu-web\\shop_mall\\backend\\vendor\\illuminate\\database\\Connection.php(359): Illuminate\\Database\\Connection->run()
#12 D:\\my-code\\kehu-web\\shop_mall\\backend\\vendor\\illuminate\\database\\Query\\Builder.php(2413): Illuminate\\Database\\Connection->select()
#13 D:\\my-code\\kehu-web\\shop_mall\\backend\\vendor\\illuminate\\database\\Query\\Builder.php(2402): Illuminate\\Database\\Query\\Builder->runSelect()
#14 D:\\my-code\\kehu-web\\shop_mall\\backend\\vendor\\illuminate\\database\\Query\\Builder.php(2936): Illuminate\\Database\\Query\\Builder->Illuminate\\Database\\Query\\{closure}()
#15 D:\\my-code\\kehu-web\\shop_mall\\backend\\vendor\\illuminate\\database\\Query\\Builder.php(2401): Illuminate\\Database\\Query\\Builder->onceWithColumns()
#16 D:\\my-code\\kehu-web\\shop_mall\\backend\\vendor\\illuminate\\database\\Eloquent\\Builder.php(625): Illuminate\\Database\\Query\\Builder->get()
#17 D:\\my-code\\kehu-web\\shop_mall\\backend\\vendor\\illuminate\\database\\Eloquent\\Builder.php(609): Illuminate\\Database\\Eloquent\\Builder->getModels()
#18 D:\\my-code\\kehu-web\\shop_mall\\backend\\vendor\\illuminate\\database\\Concerns\\BuildsQueries.php(294): Illuminate\\Database\\Eloquent\\Builder->get()
#19 D:\\my-code\\kehu-web\\shop_mall\\backend\\vendor\\illuminate\\auth\\EloquentUserProvider.php(53): Illuminate\\Database\\Eloquent\\Builder->first()
#20 D:\\my-code\\kehu-web\\shop_mall\\backend\\vendor\\tymon\\jwt-auth\\src\\JWTGuard.php(81): Illuminate\\Auth\\EloquentUserProvider->retrieveById()
#21 D:\\my-code\\kehu-web\\shop_mall\\backend\\vendor\\illuminate\\auth\\GuardHelpers.php(60): Tymon\\JWTAuth\\JWTGuard->user()
#22 D:\\my-code\\kehu-web\\shop_mall\\backend\\vendor\\illuminate\\auth\\GuardHelpers.php(70): Tymon\\JWTAuth\\JWTGuard->check()
#23 D:\\my-code\\kehu-web\\shop_mall\\backend\\app\\Http\\Middleware\\Authenticate.php(38): Tymon\\JWTAuth\\JWTGuard->guest()
#24 D:\\my-code\\kehu-web\\shop_mall\\backend\\vendor\\illuminate\\pipeline\\Pipeline.php(167): App\\Http\\Middleware\\Authenticate->handle()
#25 D:\\my-code\\kehu-web\\shop_mall\\backend\\vendor\\laravel\\lumen-framework\\src\\Routing\\Pipeline.php(30): Illuminate\\Pipeline\\Pipeline->Illuminate\\Pipeline\\{closure}()
#26 D:\\my-code\\kehu-web\\shop_mall\\backend\\vendor\\illuminate\\pipeline\\Pipeline.php(103): Laravel\\Lumen\\Routing\\Pipeline->Laravel\\Lumen\\Routing\\{closure}()
#27 D:\\my-code\\kehu-web\\shop_mall\\backend\\vendor\\laravel\\lumen-framework\\src\\Concerns\\RoutesRequests.php(426): Illuminate\\Pipeline\\Pipeline->then()
#28 D:\\my-code\\kehu-web\\shop_mall\\backend\\vendor\\laravel\\lumen-framework\\src\\Concerns\\RoutesRequests.php(261): Laravel\\Lumen\\Application->sendThroughPipeline()
#29 D:\\my-code\\kehu-web\\shop_mall\\backend\\vendor\\laravel\\lumen-framework\\src\\Concerns\\RoutesRequests.php(169): Laravel\\Lumen\\Application->handleFoundRoute()
#30 D:\\my-code\\kehu-web\\shop_mall\\backend\\vendor\\laravel\\lumen-framework\\src\\Routing\\Pipeline.php(48): Laravel\\Lumen\\Application->Laravel\\Lumen\\Concerns\\{closure}()
#31 D:\\my-code\\kehu-web\\shop_mall\\backend\\app\\Http\\Middleware\\CorsMiddleware.php(30): Laravel\\Lumen\\Routing\\Pipeline->Laravel\\Lumen\\Routing\\{closure}()
#32 D:\\my-code\\kehu-web\\shop_mall\\backend\\vendor\\illuminate\\pipeline\\Pipeline.php(167): App\\Http\\Middleware\\CorsMiddleware->handle()
#33 D:\\my-code\\kehu-web\\shop_mall\\backend\\vendor\\laravel\\lumen-framework\\src\\Routing\\Pipeline.php(30): Illuminate\\Pipeline\\Pipeline->Illuminate\\Pipeline\\{closure}()
#34 D:\\my-code\\kehu-web\\shop_mall\\backend\\vendor\\illuminate\\pipeline\\Pipeline.php(103): Laravel\\Lumen\\Routing\\Pipeline->Laravel\\Lumen\\Routing\\{closure}()
#35 D:\\my-code\\kehu-web\\shop_mall\\backend\\vendor\\laravel\\lumen-framework\\src\\Concerns\\RoutesRequests.php(426): Illuminate\\Pipeline\\Pipeline->then()
#36 D:\\my-code\\kehu-web\\shop_mall\\backend\\vendor\\laravel\\lumen-framework\\src\\Concerns\\RoutesRequests.php(165): Laravel\\Lumen\\Application->sendThroughPipeline()
#37 D:\\my-code\\kehu-web\\shop_mall\\backend\\vendor\\laravel\\lumen-framework\\src\\Concerns\\RoutesRequests.php(112): Laravel\\Lumen\\Application->dispatch()
#38 D:\\my-code\\kehu-web\\shop_mall\\backend\\public\\index.php(17): Laravel\\Lumen\\Application->run()
#39 {main}
"} 
[2025-12-24 12:07:50] production.ERROR: SQLSTATE[HY000] [2002] 套接字操作尝试一个无法连接的主机。 (SQL: select * from `users` where `id` = 1 limit 1) {"exception":"[object] (Illuminate\\Database\\QueryException(code: 2002): SQLSTATE[HY000] [2002] 套接字操作尝试一个无法连接的主机。 (SQL: select * from `users` where `id` = 1 limit 1) at D:\\my-code\\kehu-web\\shop_mall\\backend\\vendor\\illuminate\\database\\Connection.php:712)
[stacktrace]
#0 D:\\my-code\\kehu-web\\shop_mall\\backend\\vendor\\illuminate\\database\\Connection.php(672): Illuminate\\Database\\Connection->runQueryCallback()
#1 D:\\my-code\\kehu-web\\shop_mall\\backend\\vendor\\illuminate\\database\\Connection.php(359): Illuminate\\Database\\Connection->run()
#2 D:\\my-code\\kehu-web\\shop_mall\\backend\\vendor\\illuminate\\database\\Query\\Builder.php(2413): Illuminate\\Database\\Connection->select()
#3 D:\\my-code\\kehu-web\\shop_mall\\backend\\vendor\\illuminate\\database\\Query\\Builder.php(2402): Illuminate\\Database\\Query\\Builder->runSelect()
#4 D:\\my-code\\kehu-web\\shop_mall\\backend\\vendor\\illuminate\\database\\Query\\Builder.php(2936): Illuminate\\Database\\Query\\Builder->Illuminate\\Database\\Query\\{closure}()
#5 D:\\my-code\\kehu-web\\shop_mall\\backend\\vendor\\illuminate\\database\\Query\\Builder.php(2401): Illuminate\\Database\\Query\\Builder->onceWithColumns()
#6 D:\\my-code\\kehu-web\\shop_mall\\backend\\vendor\\illuminate\\database\\Eloquent\\Builder.php(625): Illuminate\\Database\\Query\\Builder->get()
#7 D:\\my-code\\kehu-web\\shop_mall\\backend\\vendor\\illuminate\\database\\Eloquent\\Builder.php(609): Illuminate\\Database\\Eloquent\\Builder->getModels()
#8 D:\\my-code\\kehu-web\\shop_mall\\backend\\vendor\\illuminate\\database\\Concerns\\BuildsQueries.php(294): Illuminate\\Database\\Eloquent\\Builder->get()
#9 D:\\my-code\\kehu-web\\shop_mall\\backend\\vendor\\illuminate\\auth\\EloquentUserProvider.php(53): Illuminate\\Database\\Eloquent\\Builder->first()
#10 D:\\my-code\\kehu-web\\shop_mall\\backend\\vendor\\tymon\\jwt-auth\\src\\JWTGuard.php(81): Illuminate\\Auth\\EloquentUserProvider->retrieveById()
#11 D:\\my-code\\kehu-web\\shop_mall\\backend\\vendor\\illuminate\\auth\\GuardHelpers.php(60): Tymon\\JWTAuth\\JWTGuard->user()
#12 D:\\my-code\\kehu-web\\shop_mall\\backend\\vendor\\illuminate\\auth\\GuardHelpers.php(70): Tymon\\JWTAuth\\JWTGuard->check()
#13 D:\\my-code\\kehu-web\\shop_mall\\backend\\app\\Http\\Middleware\\Authenticate.php(38): Tymon\\JWTAuth\\JWTGuard->guest()
#14 D:\\my-code\\kehu-web\\shop_mall\\backend\\vendor\\illuminate\\pipeline\\Pipeline.php(167): App\\Http\\Middleware\\Authenticate->handle()
#15 D:\\my-code\\kehu-web\\shop_mall\\backend\\vendor\\laravel\\lumen-framework\\src\\Routing\\Pipeline.php(30): Illuminate\\Pipeline\\Pipeline->Illuminate\\Pipeline\\{closure}()
#16 D:\\my-code\\kehu-web\\shop_mall\\backend\\vendor\\illuminate\\pipeline\\Pipeline.php(103): Laravel\\Lumen\\Routing\\Pipeline->Laravel\\Lumen\\Routing\\{closure}()
#17 D:\\my-code\\kehu-web\\shop_mall\\backend\\vendor\\laravel\\lumen-framework\\src\\Concerns\\RoutesRequests.php(426): Illuminate\\Pipeline\\Pipeline->then()
#18 D:\\my-code\\kehu-web\\shop_mall\\backend\\vendor\\laravel\\lumen-framework\\src\\Concerns\\RoutesRequests.php(261): Laravel\\Lumen\\Application->sendThroughPipeline()
#19 D:\\my-code\\kehu-web\\shop_mall\\backend\\vendor\\laravel\\lumen-framework\\src\\Concerns\\RoutesRequests.php(169): Laravel\\Lumen\\Application->handleFoundRoute()
#20 D:\\my-code\\kehu-web\\shop_mall\\backend\\vendor\\laravel\\lumen-framework\\src\\Routing\\Pipeline.php(48): Laravel\\Lumen\\Application->Laravel\\Lumen\\Concerns\\{closure}()
#21 D:\\my-code\\kehu-web\\shop_mall\\backend\\app\\Http\\Middleware\\CorsMiddleware.php(30): Laravel\\Lumen\\Routing\\Pipeline->Laravel\\Lumen\\Routing\\{closure}()
#22 D:\\my-code\\kehu-web\\shop_mall\\backend\\vendor\\illuminate\\pipeline\\Pipeline.php(167): App\\Http\\Middleware\\CorsMiddleware->handle()
#23 D:\\my-code\\kehu-web\\shop_mall\\backend\\vendor\\laravel\\lumen-framework\\src\\Routing\\Pipeline.php(30): Illuminate\\Pipeline\\Pipeline->Illuminate\\Pipeline\\{closure}()
#24 D:\\my-code\\kehu-web\\shop_mall\\backend\\vendor\\illuminate\\pipeline\\Pipeline.php(103): Laravel\\Lumen\\Routing\\Pipeline->Laravel\\Lumen\\Routing\\{closure}()
#25 D:\\my-code\\kehu-web\\shop_mall\\backend\\vendor\\laravel\\lumen-framework\\src\\Concerns\\RoutesRequests.php(426): Illuminate\\Pipeline\\Pipeline->then()
#26 D:\\my-code\\kehu-web\\shop_mall\\backend\\vendor\\laravel\\lumen-framework\\src\\Concerns\\RoutesRequests.php(165): Laravel\\Lumen\\Application->sendThroughPipeline()
#27 D:\\my-code\\kehu-web\\shop_mall\\backend\\vendor\\laravel\\lumen-framework\\src\\Concerns\\RoutesRequests.php(112): Laravel\\Lumen\\Application->dispatch()
#28 D:\\my-code\\kehu-web\\shop_mall\\backend\\public\\index.php(17): Laravel\\Lumen\\Application->run()
#29 {main}

[previous exception] [object] (PDOException(code: 2002): SQLSTATE[HY000] [2002] 套接字操作尝试一个无法连接的主机。 at D:\\my-code\\kehu-web\\shop_mall\\backend\\vendor\\illuminate\\database\\Connectors\\Connector.php:70)
[stacktrace]
#0 D:\\my-code\\kehu-web\\shop_mall\\backend\\vendor\\illuminate\\database\\Connectors\\Connector.php(70): PDO->__construct()
#1 D:\\my-code\\kehu-web\\shop_mall\\backend\\vendor\\illuminate\\database\\Connectors\\Connector.php(45): Illuminate\\Database\\Connectors\\Connector->createPdoConnection()
#2 D:\\my-code\\kehu-web\\shop_mall\\backend\\vendor\\illuminate\\database\\Connectors\\MySqlConnector.php(24): Illuminate\\Database\\Connectors\\Connector->createConnection()
#3 D:\\my-code\\kehu-web\\shop_mall\\backend\\vendor\\illuminate\\database\\Connectors\\ConnectionFactory.php(184): Illuminate\\Database\\Connectors\\MySqlConnector->connect()
#4 [internal function]: Illuminate\\Database\\Connectors\\ConnectionFactory->Illuminate\\Database\\Connectors\\{closure}()
#5 D:\\my-code\\kehu-web\\shop_mall\\backend\\vendor\\illuminate\\database\\Connection.php(1064): call_user_func()
#6 D:\\my-code\\kehu-web\\shop_mall\\backend\\vendor\\illuminate\\database\\Connection.php(1100): Illuminate\\Database\\Connection->getPdo()
#7 D:\\my-code\\kehu-web\\shop_mall\\backend\\vendor\\illuminate\\database\\Connection.php(442): Illuminate\\Database\\Connection->getReadPdo()
#8 D:\\my-code\\kehu-web\\shop_mall\\backend\\vendor\\illuminate\\database\\Connection.php(368): Illuminate\\Database\\Connection->getPdoForSelect()
#9 D:\\my-code\\kehu-web\\shop_mall\\backend\\vendor\\illuminate\\database\\Connection.php(705): Illuminate\\Database\\Connection->Illuminate\\Database\\{closure}()
#10 D:\\my-code\\kehu-web\\shop_mall\\backend\\vendor\\illuminate\\database\\Connection.php(672): Illuminate\\Database\\Connection->runQueryCallback()
#11 D:\\my-code\\kehu-web\\shop_mall\\backend\\vendor\\illuminate\\database\\Connection.php(359): Illuminate\\Database\\Connection->run()
#12 D:\\my-code\\kehu-web\\shop_mall\\backend\\vendor\\illuminate\\database\\Query\\Builder.php(2413): Illuminate\\Database\\Connection->select()
#13 D:\\my-code\\kehu-web\\shop_mall\\backend\\vendor\\illuminate\\database\\Query\\Builder.php(2402): Illuminate\\Database\\Query\\Builder->runSelect()
#14 D:\\my-code\\kehu-web\\shop_mall\\backend\\vendor\\illuminate\\database\\Query\\Builder.php(2936): Illuminate\\Database\\Query\\Builder->Illuminate\\Database\\Query\\{closure}()
#15 D:\\my-code\\kehu-web\\shop_mall\\backend\\vendor\\illuminate\\database\\Query\\Builder.php(2401): Illuminate\\Database\\Query\\Builder->onceWithColumns()
#16 D:\\my-code\\kehu-web\\shop_mall\\backend\\vendor\\illuminate\\database\\Eloquent\\Builder.php(625): Illuminate\\Database\\Query\\Builder->get()
#17 D:\\my-code\\kehu-web\\shop_mall\\backend\\vendor\\illuminate\\database\\Eloquent\\Builder.php(609): Illuminate\\Database\\Eloquent\\Builder->getModels()
#18 D:\\my-code\\kehu-web\\shop_mall\\backend\\vendor\\illuminate\\database\\Concerns\\BuildsQueries.php(294): Illuminate\\Database\\Eloquent\\Builder->get()
#19 D:\\my-code\\kehu-web\\shop_mall\\backend\\vendor\\illuminate\\auth\\EloquentUserProvider.php(53): Illuminate\\Database\\Eloquent\\Builder->first()
#20 D:\\my-code\\kehu-web\\shop_mall\\backend\\vendor\\tymon\\jwt-auth\\src\\JWTGuard.php(81): Illuminate\\Auth\\EloquentUserProvider->retrieveById()
#21 D:\\my-code\\kehu-web\\shop_mall\\backend\\vendor\\illuminate\\auth\\GuardHelpers.php(60): Tymon\\JWTAuth\\JWTGuard->user()
#22 D:\\my-code\\kehu-web\\shop_mall\\backend\\vendor\\illuminate\\auth\\GuardHelpers.php(70): Tymon\\JWTAuth\\JWTGuard->check()
#23 D:\\my-code\\kehu-web\\shop_mall\\backend\\app\\Http\\Middleware\\Authenticate.php(38): Tymon\\JWTAuth\\JWTGuard->guest()
#24 D:\\my-code\\kehu-web\\shop_mall\\backend\\vendor\\illuminate\\pipeline\\Pipeline.php(167): App\\Http\\Middleware\\Authenticate->handle()
#25 D:\\my-code\\kehu-web\\shop_mall\\backend\\vendor\\laravel\\lumen-framework\\src\\Routing\\Pipeline.php(30): Illuminate\\Pipeline\\Pipeline->Illuminate\\Pipeline\\{closure}()
#26 D:\\my-code\\kehu-web\\shop_mall\\backend\\vendor\\illuminate\\pipeline\\Pipeline.php(103): Laravel\\Lumen\\Routing\\Pipeline->Laravel\\Lumen\\Routing\\{closure}()
#27 D:\\my-code\\kehu-web\\shop_mall\\backend\\vendor\\laravel\\lumen-framework\\src\\Concerns\\RoutesRequests.php(426): Illuminate\\Pipeline\\Pipeline->then()
#28 D:\\my-code\\kehu-web\\shop_mall\\backend\\vendor\\laravel\\lumen-framework\\src\\Concerns\\RoutesRequests.php(261): Laravel\\Lumen\\Application->sendThroughPipeline()
#29 D:\\my-code\\kehu-web\\shop_mall\\backend\\vendor\\laravel\\lumen-framework\\src\\Concerns\\RoutesRequests.php(169): Laravel\\Lumen\\Application->handleFoundRoute()
#30 D:\\my-code\\kehu-web\\shop_mall\\backend\\vendor\\laravel\\lumen-framework\\src\\Routing\\Pipeline.php(48): Laravel\\Lumen\\Application->Laravel\\Lumen\\Concerns\\{closure}()
#31 D:\\my-code\\kehu-web\\shop_mall\\backend\\app\\Http\\Middleware\\CorsMiddleware.php(30): Laravel\\Lumen\\Routing\\Pipeline->Laravel\\Lumen\\Routing\\{closure}()
#32 D:\\my-code\\kehu-web\\shop_mall\\backend\\vendor\\illuminate\\pipeline\\Pipeline.php(167): App\\Http\\Middleware\\CorsMiddleware->handle()
#33 D:\\my-code\\kehu-web\\shop_mall\\backend\\vendor\\laravel\\lumen-framework\\src\\Routing\\Pipeline.php(30): Illuminate\\Pipeline\\Pipeline->Illuminate\\Pipeline\\{closure}()
#34 D:\\my-code\\kehu-web\\shop_mall\\backend\\vendor\\illuminate\\pipeline\\Pipeline.php(103): Laravel\\Lumen\\Routing\\Pipeline->Laravel\\Lumen\\Routing\\{closure}()
#35 D:\\my-code\\kehu-web\\shop_mall\\backend\\vendor\\laravel\\lumen-framework\\src\\Concerns\\RoutesRequests.php(426): Illuminate\\Pipeline\\Pipeline->then()
#36 D:\\my-code\\kehu-web\\shop_mall\\backend\\vendor\\laravel\\lumen-framework\\src\\Concerns\\RoutesRequests.php(165): Laravel\\Lumen\\Application->sendThroughPipeline()
#37 D:\\my-code\\kehu-web\\shop_mall\\backend\\vendor\\laravel\\lumen-framework\\src\\Concerns\\RoutesRequests.php(112): Laravel\\Lumen\\Application->dispatch()
#38 D:\\my-code\\kehu-web\\shop_mall\\backend\\public\\index.php(17): Laravel\\Lumen\\Application->run()
#39 {main}
"} 
[2025-12-24 15:51:43] production.INFO: First order check {"user_id":1,"is_first_order":true,"first_order_discount":1} 
[2025-12-24 15:51:43] production.INFO: First order discount applied {"user_id":1,"discount_amount":1.65,"discount_percentage":"15.00","total_amount":10.99} 
[2025-12-24 15:51:44] production.INFO: First order discount used and disabled {"user_id":1,"order_id":66} 
[2025-12-24 15:54:33] production.INFO: Payment create request {"data":{"order_no":"20251224155143770804","payment_method":"bank_card","return_url":"http://localhost:5174/payment/result","callback_url":"http://localhost:8000/api/payments/callback"},"user_id":1} 
[2025-12-24 15:54:33] production.INFO: Stripe payment amount {"order_no":"20251224155143770804","pay_amount":"21.34","total_amount_cents":2134,"discount_amount":"1.65"} 
[2025-12-24 15:54:35] production.INFO: Stripe session created {"session_id":"cs_test_a1jJZxr2ZFCFQzY7frPkLfiE4MfNROu9NlT0g35XJNepoGxAfEWGErJKgG","order_no":"20251224155143770804","amount":"21.34"} 
[2025-12-24 15:55:57] production.INFO: Attempting to verify payment via session_id {"order_no":"20251224155143770804","session_id":"cs_test_a1jJZxr2ZFCFQzY7frPkLfiE4MfNROu9NlT0g35XJNepoGxAfEWGErJKgG"} 
[2025-12-24 15:55:58] production.INFO: Stripe session retrieved {"payment_status":"paid","session_id":"cs_test_a1jJZxr2ZFCFQzY7frPkLfiE4MfNROu9NlT0g35XJNepoGxAfEWGErJKgG"} 
[2025-12-24 15:55:58] production.INFO: Order updated {"order_no":"20251224155143770804"} 
[2025-12-24 15:55:58] production.INFO: Payment updated {"order_no":"20251224155143770804"} 
[2025-12-24 15:55:59] production.INFO: Product sales updated {"order_no":"20251224155143770804"} 
[2025-12-24 15:55:59] production.INFO: ✅ Payment verified and order updated successfully {"order_no":"20251224155143770804","session_id":"cs_test_a1jJZxr2ZFCFQzY7frPkLfiE4MfNROu9NlT0g35XJNepoGxAfEWGErJKgG"} 
[2025-12-24 15:57:10] production.INFO: Stripe subscription cancelled immediately {"subscription_id":"17","stripe_subscription_id":"sub_1SfjZOAyKaftIpeUKHPWWkLx","stripe_status":"canceled"} 
[2025-12-24 18:58:41] production.INFO: Contact form submission {"data":{"name":"pang xiaorong","email":"765233482@qq.com","phone":"983399834","comment":"哦哦哦"}} 
[2025-12-24 18:58:42] production.INFO: Contact form saved {"form":{"name":"pang xiaorong","email":"765233482@qq.com","phone":"983399834","message":"哦哦哦","status":0,"updated_at":"2025-12-24T18:58:41.000000Z","created_at":"2025-12-24T18:58:41.000000Z","id":15}} 
